INSERT INTO boolean_parameter(id, default_value) VALUES ((select id from parameter_type_definition where parameter_id=(select id from parameter where name='parameterNameTest' and model_id=(select id from model where name='modelNameTest') and parameter_type_id=(select id from parameter_type where name='boolean'))), false);
INSERT INTO revinfo(rev,revtstmp) VALUES ( COALESCE (( select max(rev)+1 from revinfo), 1 ),
INSERT INTO boolean_parameter_aud(id, rev, revtype, default_value, created_at, updated_at) VALUES ((select id from parameter_type_definition where parameter_id = (select id from parameter where name = 'parameterNameTest' and model_id = (select id from model where name = 'modelNameTest') and parameter_type_id = (select id from parameter_type where name = 'boolean'))), (select max(rev) from revinfo), 0, false,
