INSERT INTO model(name, ml_task_id, description, display_name, structure_id, advantages, disadvantages, enabled, ensemble_type_id, family_type_id, decision_tree, dependency_group_id) VALUES ('logistic_regression_classifier_1', (select id from ml_task_type where name='classification'),'test_description', 'logistic regression classifier', (select id from model_structure_type where name='test_structure'), '{test_advantages}', '{test_disadvantages}', true, (select id from model_ensemble_type where name='other'),(select id from model_family_type where name='other'), false, (select id from dependency_group_type where name='test_dependency_group'));
