INSERT INTO rel_model__groups(model_id, group_id) VALUES ((select id from Model where name='logistic_regression_classifier'),(select id from model_group_type where name='explainable'));
INSERT INTO rel_model__groups(model_id, group_id) VALUES ((select id from Model where name='logistic_regression_classifier'),(select id from model_group_type where name='advanced'));
INSERT INTO rel_model__groups(model_id, group_id) VALUES ((select id from Model where name='logistic_regression_classifier'),(select id from model_group_type where name='test'));
