UPDATE model SET ml_task_id=(select id from ml_task_type where name='classification'), description='test_description', display_name='logistic regression classifier_test', structure_id=(select id from model_structure_type where name='test_structure'), advantages='{test_advantages}', disadvantages='{test_disadvantages}', enabled=true, ensemble_type_id=(select id from model_ensemble_type where name='none'), family_type_id=(select id from model_family_type where name='linear'), decision_tree=false, dependency_group_id=(select id from dependency_group_type where name='test_dependency_group') WHERE name='logistic_regression_classifier';
