INSERT INTO parameter(name, label, description, enabled, fixed_value, ordering, model_id) VALUES ('parameterNameTest', 'label', 'description', true, true, 1, (select id from Model where name='modelNameTest'));
INSERT INTO revinfo(rev,revtstmp) VALUES ( COALESCE (( select max(rev)+1 from revinfo), 1 ),
INSERT INTO parameter_aud(id, rev, revtype, name, label, description, enabled, fixed_value, ordering, model_id, created_at, updated_at) VALUES ((select id from parameter where name = 'parameterNameTest' and model_id = (select id from model where name = 'modelNameTest')), (select max(rev) from revinfo), 0, (select name from parameter where name = 'parameterNameTest' and model_id = (select id from model where name = 'modelNameTest')), (select label from parameter where name = 'parameterNameTest' and model_id = (select id from model where name = 'modelNameTest')), (select description from parameter where name = 'parameterNameTest' and model_id = (select id from model where name = 'modelNameTest')), (select enabled from parameter where name = 'parameterNameTest' and model_id = (select id from model where name = 'modelNameTest')), (select fixed_value from parameter where name = 'parameterNameTest' and model_id = (select id from model where name = 'modelNameTest')), (select ordering from parameter where name = 'parameterNameTest' and model_id = (select id from model where name = 'modelNameTest')), (select model_id from parameter where name = 'parameterNameTest' and model_id = (select id from model where name = 'modelNameTest')),
INSERT INTO parameter_type_definition(parameter_id, parameter_type_id, parameter_distribution_type_id, ordering) VALUES ((select id from parameter where name='parameterNameTest' and model_id=(select id from model where name='modelNameTest')), (select id from parameter_type where name='boolean'), (select id from parameter_distribution_type where name='uniform'), 0);
INSERT INTO revinfo(rev,revtstmp) VALUES ( COALESCE (( select max(rev)+1 from revinfo), 1 ),
INSERT INTO parameter_type_definition_aud(id, rev, revtype, parameter_id, parameter_type_id,parameter_distribution_type_id, ordering, created_at, updated_at) VALUES ((select id from parameter_type_definition where parameter_id = (select id from parameter where name = 'parameterNameTest' and model_id = (select id from model where name = 'modelNameTest')) and parameter_type_id = (select id from parameter_type where name = 'boolean')), (select max(rev) from revinfo), 0, (select id from parameter where name = 'parameterNameTest' and model_id = (select id from model where name = 'modelNameTest')), (select id from parameter_type where name = 'boolean'), (select id from parameter_distribution_type where name = 'boolean'), (select ordering from parameter_type_definition where parameter_id = (select id from parameter where name = 'parameterNameTest' and model_id = (select id from model where name = 'modelNameTest'))),
INSERT INTO boolean_parameter(id, default_value) VALUES ((select id from parameter_type_definition where parameter_id=(select id from parameter where name='parameterNameTest' and model_id=(select id from model where name='modelNameTest') and parameter_type_id=(select id from parameter_type where name='boolean'))), false);
INSERT INTO revinfo(rev,revtstmp) VALUES ( COALESCE (( select max(rev)+1 from revinfo), 1 ),
INSERT INTO boolean_parameter_aud(id, rev, revtype, default_value, created_at, updated_at) VALUES ((select id from parameter_type_definition where parameter_id = (select id from parameter where name = 'parameterNameTest' and model_id = (select id from model where name = 'modelNameTest') and parameter_type_id = (select id from parameter_type where name = 'boolean'))), (select max(rev) from revinfo), 0, false,
