INSERT INTO float_parameter(id, default_value) VALUES ((select id from parameter_type_definition where parameter_id=(select id from parameter where name='parameterNameTest' and model_id=(select id from model where name='modelNameTest') and parameter_type_id=(select id from parameter_type where name='float'))), 1.000000);
INSERT INTO revinfo(rev,revtstmp) VALUES ( COALESCE (( select max(rev)+1 from revinfo), 1 ),
INSERT INTO float_parameter_aud(id, rev, revtype, default_value, created_at, updated_at) VALUES ((select id from parameter_type_definition where parameter_id = (select id from parameter where name = 'parameterNameTest' and model_id = (select id from model where name = 'modelNameTest') and parameter_type_id = (select id from parameter_type where name = 'parameterTypeTest'))), (select max(rev) from revinfo), 0, 1.0,
INSERT INTO float_parameter_range(parameter_type_definition_id, is_left_open, is_right_open, lower, upper) VALUES ((select id from parameter_type_definition where parameter_id=(select id from parameter where name='parameterNameTest' and model_id=(select id from model where name='modelNameTest') and parameter_type_id=(select id from parameter_type where name='parameterTypeTest'))), true, true, 1.000000, 10.000000);
INSERT INTO revinfo(rev,revtstmp) VALUES ( COALESCE (( select max(rev)+1 from revinfo), 1 ),
INSERT INTO float_parameter_range_aud(id, rev, revtype, is_left_open, is_right_open, lower, upper, parameter_type_definition_id,  created_at, updated_at) VALUES ((select id from parameter_type_definition where parameter_id = (select id from parameter where name = 'parameterNameTest' and model_id = (select id from model where name = 'modelNameTest') and parameter_type_id = (select id from parameter_type where name = 'parameterTypeTest'))), (select max(rev) from revinfo), 0, true, true, 1.0, 10.0, ((select id from parameter_type_definition where parameter_id=(select id from parameter where name='parameterNameTest' and model_id=(select id from model where name='modelNameTest') and parameter_type_id=(select id from parameter_type where name='parameterTypeTest')))),
