INSERT INTO revinfo(rev,revtstmp) VALUES ( COALESCE (( select max(rev)+1 from revinfo), 1 ),
INSERT INTO integer_parameter_aud(id, rev, revtype, default_value, created_at, updated_at) VALUES ((select id from parameter_type_definition where parameter_id = (select id from parameter where name = 'parameterNameTest' and model_id = (select id from model where name = 'modelNameTest') and parameter_type_id = (select id from parameter_type where name = 'integer'))), (select max(rev) from revinfo), 2, null,
DELETE FROM integer_parameter WHERE id IN (SELECT id FROM parameter_type_definition WHERE parameter_id IN (SELECT id FROM parameter WHERE name='parameterNameTest' and model_id=(select id from model where name='modelNameTest')) and parameter_type_id = (select id from parameter_type where name='integer') and parameter_distribution_type_id = (select id from parameter_distribution_type where name='parameterDistributionTypeTest'));
