INSERT INTO categorical_parameter(id, default_value) VALUES ((select id from parameter_type_definition where parameter_id=(select id from parameter where name='parameterNameTest' and model_id=(select id from model where name='modelNameTest') and parameter_type_id=(select id from parameter_type where name='categorical'))), null);
INSERT INTO revinfo(rev,revtstmp) VALUES ( COALESCE (( select max(rev)+1 from revinfo), 1 ),
INSERT INTO categorical_parameter_aud(id, rev, revtype, default_value, created_at, updated_at) VALUES ((select id from parameter_type_definition where parameter_id = (select id from parameter where name = 'parameterNameTest' and model_id = (select id from model where name = 'modelNameTest') and parameter_type_id = (select id from parameter_type where name = 'parameterTypeTest'))), (select max(rev) from revinfo), 0, 'null',
INSERT INTO categorical_parameter_value(parameter_type_definition_id, value) VALUES ((select id from parameter_type_definition where parameter_id=(select id from parameter where name='parameterNameTest' and model_id=(select id from model where name='modelNameTest') and parameter_type_id=(select id from parameter_type where name='parameterTypeTest'))), 'test1');
INSERT INTO revinfo(rev,revtstmp) VALUES ( COALESCE (( select max(rev)+1 from revinfo), 1 ),
INSERT INTO categorical_parameter_value_aud(id, rev, revtype, value, parameter_type_definition_id,  created_at, updated_at) VALUES ((select id from parameter_type_definition where parameter_id = (select id from parameter where name = 'parameterNameTest' and model_id = (select id from model where name = 'modelNameTest') and parameter_type_id = (select id from parameter_type where name = 'parameterTypeTest'))), (select max(rev) from revinfo), 0, 'test1', ((select id from parameter_type_definition where parameter_id=(select id from parameter where name='parameterNameTest' and model_id=(select id from model where name='modelNameTest') and parameter_type_id=(select id from parameter_type where name='parameterTypeTest')))),
INSERT INTO categorical_parameter_value(parameter_type_definition_id, value) VALUES ((select id from parameter_type_definition where parameter_id=(select id from parameter where name='parameterNameTest' and model_id=(select id from model where name='modelNameTest') and parameter_type_id=(select id from parameter_type where name='parameterTypeTest'))), 'test2');
INSERT INTO revinfo(rev,revtstmp) VALUES ( COALESCE (( select max(rev)+1 from revinfo), 1 ),
INSERT INTO categorical_parameter_value_aud(id, rev, revtype, value, parameter_type_definition_id,  created_at, updated_at) VALUES ((select id from parameter_type_definition where parameter_id = (select id from parameter where name = 'parameterNameTest' and model_id = (select id from model where name = 'modelNameTest') and parameter_type_id = (select id from parameter_type where name = 'parameterTypeTest'))), (select max(rev) from revinfo), 0, 'test2', ((select id from parameter_type_definition where parameter_id=(select id from parameter where name='parameterNameTest' and model_id=(select id from model where name='modelNameTest') and parameter_type_id=(select id from parameter_type where name='parameterTypeTest')))),
INSERT INTO categorical_parameter_value(parameter_type_definition_id, value) VALUES ((select id from parameter_type_definition where parameter_id=(select id from parameter where name='parameterNameTest' and model_id=(select id from model where name='modelNameTest') and parameter_type_id=(select id from parameter_type where name='parameterTypeTest'))), 'test3');
INSERT INTO revinfo(rev,revtstmp) VALUES ( COALESCE (( select max(rev)+1 from revinfo), 1 ),
INSERT INTO categorical_parameter_value_aud(id, rev, revtype, value, parameter_type_definition_id,  created_at, updated_at) VALUES ((select id from parameter_type_definition where parameter_id = (select id from parameter where name = 'parameterNameTest' and model_id = (select id from model where name = 'modelNameTest') and parameter_type_id = (select id from parameter_type where name = 'parameterTypeTest'))), (select max(rev) from revinfo), 0, 'test3', ((select id from parameter_type_definition where parameter_id=(select id from parameter where name='parameterNameTest' and model_id=(select id from model where name='modelNameTest') and parameter_type_id=(select id from parameter_type where name='parameterTypeTest')))),
