UPDATE integer_parameter SET default_value = null WHERE id = (SELECT id FROM parameter_type_definition WHERE parameter_id = (SELECT id FROM parameter WHERE name = 'parameterNameTest' AND model_id = (SELECT id FROM model WHERE name = 'modelNameTest') AND parameter_type_id = (SELECT id FROM parameter_type WHERE name = 'parameterTypeTest')));
INSERT INTO revinfo(rev,revtstmp) VALUES ( COALESCE (( select max(rev)+1 from revinfo), 1 ),
INSERT INTO integer_parameter_aud(id, rev, revtype, default_value, created_at, updated_at) VALUES ((select id from parameter_type_definition where parameter_id = (select id from parameter where name = 'parameterNameTest' and model_id = (select id from model where name = 'modelNameTest') and parameter_type_id = (select id from parameter_type where name = 'parameterTypeTest'))), (select max(rev) from revinfo), 1, null,
